{"token":"03fbf21c-6f54-4c4f-a2ea-7dad1c9becfc","user_id":1}