{"id":0,"userId":0,"name":"new board","isPrivate":false,"isArchive":false}