{"id":0,"userId":0,"name":"new board","description":"test description","isPrivate":true,"isArchive":false}