{"token":"77cee996-9547-4854-89dd-f20055debcf2","user_id":0}